[21:29:19.241][=== RUN BEGIN ===] 
[21:29:19.246][PANEL-TAIL] BEFORE hwnd=0x00611A8C class='Edit' | prev='    10、再下移一行光标后输入“fh (sz2)”。  ' | last=''
[21:29:19.246][PANEL-TAIL] BEFORE hwnd=0x00320608 class='Edit' | prev='  ' | last=''
[21:29:19.246][PANEL-TAIL] BEFORE hwnd=0x006D1392 class='ScintillaForEIDETools' | prev='  ' | last=''
[21:29:19.247][PANEL-TAIL] BEFORE hwnd=0x00840472 class='Edit' | prev='    10、再下移一行光标后输入“fh (sz2)”。  ' | last=''
[21:29:21.750][RUN-TRIGGER] FN_COMPILE_AND_RUN
[21:29:21.896][RUN-TRIGGER-RET] handled=1
[21:29:21.896][PANEL-CHANGED] hwnd=0x00320608 class='Edit' oldlen=161 newlen=20
[21:29:21.897][PANEL-DELTA] DELTA: 开始运行被调试程序

[21:29:21.897][PANEL-CHANGED] hwnd=0x006D1392 class='ScintillaForEIDETools' oldlen=560 newlen=808
[21:29:21.897][PANEL-DELTA] DELTA: 

正在编译现行程序
正在检查重复名称...
正在预处理现行程序
正在进行名称连接...
正在统计需要编译的子程序
正在编译...
正在生成主程序入口代码
程序代码编译成功
程序代码编译成功,耗时: 40 ms
正在封装易格式目的代码
[21:29:21] 开始运行被调试程序

[21:29:21.898][RUN-STATE] FN_END_RUN enabled: 0 -> 1 (t=0.0s)
[21:29:22.013][PANEL-CHANGED] hwnd=0x006D1392 class='ScintillaForEIDETools' oldlen=808 newlen=837
[21:29:22.013][PANEL-DELTA] DELTA: [调试] - 调试程序[77840]创建

[21:29:22.074][PANEL-CHANGED] hwnd=0x006D1392 class='ScintillaForEIDETools' oldlen=837 newlen=863
[21:29:22.074][PANEL-DELTA] DELTA: [21:29:22] * 嵌套压测完成

[21:29:22.141][PANEL-CHANGED] hwnd=0x00320608 class='Edit' oldlen=20 newlen=22
[21:29:22.141][PANEL-DELTA] DELTA: 被调试易程序运行完毕

[21:29:22.141][PANEL-CHANGED] hwnd=0x006D1392 class='ScintillaForEIDETools' oldlen=863 newlen=936
[21:29:22.141][PANEL-DELTA] DELTA: [调试] - 调试程序[77840]退出,ExitCode:0
[21:29:22] 被调试易程序运行完毕

[21:29:22.200][RUN-STATE] FN_END_RUN enabled: 1 -> 0 (t=0.3s)
[21:29:22.200][RUN-END-DETECTED] FN_END_RUN enabled 1->0
[21:29:22.200][PANEL-TAIL] AFTER-END hwnd=0x00611A8C class='Edit' | prev='    10、再下移一行光标后输入“fh (sz2)”。  ' | last=''
[21:29:22.200][PANEL-TAIL] AFTER-END hwnd=0x00320608 class='Edit' | prev='被调试易程序运行完毕  ' | last=''
[21:29:22.201][PANEL-TAIL] AFTER-END hwnd=0x006D1392 class='ScintillaForEIDETools' | prev='[21:29:22] 被调试易程序运行完毕  ' | last=''
[21:29:22.201][PANEL-TAIL] AFTER-END hwnd=0x00840472 class='Edit' | prev='    10、再下移一行光标后输入“fh (sz2)”。  ' | last=''
[21:29:22.201][PANEL-TAIL] FINAL hwnd=0x00611A8C class='Edit' | prev='    10、再下移一行光标后输入“fh (sz2)”。  ' | last=''
[21:29:22.202][PANEL-TAIL] FINAL hwnd=0x00320608 class='Edit' | prev='被调试易程序运行完毕  ' | last=''
[21:29:22.202][PANEL-TAIL] FINAL hwnd=0x006D1392 class='ScintillaForEIDETools' | prev='[21:29:22] 被调试易程序运行完毕  ' | last=''
[21:29:22.202][PANEL-TAIL] FINAL hwnd=0x00840472 class='Edit' | prev='    10、再下移一行光标后输入“fh (sz2)”。  ' | last=''
[21:29:22.203][=== RUN END ===] 
