[21:31:20.070][=== RUN BEGIN ===] 
[21:31:20.072][PANEL-TAIL] BEFORE hwnd=0x00701A74 class='Edit' | prev='    10、再下移一行光标后输入“fh (sz2)”。  ' | last=''
[21:31:20.073][PANEL-TAIL] BEFORE hwnd=0x00DC0266 class='Edit' | prev='  ' | last=''
[21:31:20.073][PANEL-TAIL] BEFORE hwnd=0x003E0360 class='ScintillaForEIDETools' | prev='  ' | last=''
[21:31:20.074][PANEL-TAIL] BEFORE hwnd=0x007909FA class='Edit' | prev='    10、再下移一行光标后输入“fh (sz2)”。  ' | last=''
[21:31:22.578][RUN-TRIGGER] FN_COMPILE_AND_RUN
[21:31:22.743][RUN-TRIGGER-RET] handled=1
[21:31:22.744][PANEL-CHANGED] hwnd=0x00DC0266 class='Edit' oldlen=161 newlen=20
[21:31:22.744][PANEL-DELTA] DELTA: 开始运行被调试程序

[21:31:22.745][PANEL-CHANGED] hwnd=0x003E0360 class='ScintillaForEIDETools' oldlen=560 newlen=808
[21:31:22.745][PANEL-DELTA] DELTA: 

正在编译现行程序
正在检查重复名称...
正在预处理现行程序
正在进行名称连接...
正在统计需要编译的子程序
正在编译...
正在生成主程序入口代码
程序代码编译成功
程序代码编译成功,耗时: 45 ms
正在封装易格式目的代码
[21:31:22] 开始运行被调试程序

[21:31:22.745][RUN-STATE] FN_END_RUN enabled: 0 -> 1 (t=0.0s)
[21:31:22.810][PANEL-CHANGED] hwnd=0x003E0360 class='ScintillaForEIDETools' oldlen=808 newlen=837
[21:31:22.810][PANEL-DELTA] DELTA: [调试] - 调试程序[77384]创建

[21:31:22.933][PANEL-CHANGED] hwnd=0x003E0360 class='ScintillaForEIDETools' oldlen=837 newlen=863
[21:31:22.933][PANEL-DELTA] DELTA: [21:31:22] * 嵌套压测完成

[21:31:23.003][PANEL-CHANGED] hwnd=0x00DC0266 class='Edit' oldlen=20 newlen=22
[21:31:23.003][PANEL-DELTA] DELTA: 被调试易程序运行完毕

[21:31:23.006][PANEL-CHANGED] hwnd=0x003E0360 class='ScintillaForEIDETools' oldlen=863 newlen=936
[21:31:23.006][PANEL-DELTA] DELTA: [调试] - 调试程序[77384]退出,ExitCode:0
[21:31:22] 被调试易程序运行完毕

[21:31:23.007][RUN-STATE] FN_END_RUN enabled: 1 -> 0 (t=0.3s)
[21:31:23.007][RUN-END-DETECTED] FN_END_RUN enabled 1->0
[21:31:23.007][PANEL-TAIL] AFTER-END hwnd=0x00701A74 class='Edit' | prev='    10、再下移一行光标后输入“fh (sz2)”。  ' | last=''
[21:31:23.007][PANEL-TAIL] AFTER-END hwnd=0x00DC0266 class='Edit' | prev='被调试易程序运行完毕  ' | last=''
[21:31:23.008][PANEL-TAIL] AFTER-END hwnd=0x003E0360 class='ScintillaForEIDETools' | prev='[21:31:22] 被调试易程序运行完毕  ' | last=''
[21:31:23.009][PANEL-TAIL] AFTER-END hwnd=0x007909FA class='Edit' | prev='    10、再下移一行光标后输入“fh (sz2)”。  ' | last=''
[21:31:23.010][PANEL-TAIL] FINAL hwnd=0x00701A74 class='Edit' | prev='    10、再下移一行光标后输入“fh (sz2)”。  ' | last=''
[21:31:23.011][PANEL-TAIL] FINAL hwnd=0x00DC0266 class='Edit' | prev='被调试易程序运行完毕  ' | last=''
[21:31:23.011][PANEL-TAIL] FINAL hwnd=0x003E0360 class='ScintillaForEIDETools' | prev='[21:31:22] 被调试易程序运行完毕  ' | last=''
[21:31:23.011][PANEL-TAIL] FINAL hwnd=0x007909FA class='Edit' | prev='    10、再下移一行光标后输入“fh (sz2)”。  ' | last=''
[21:31:23.012][=== RUN END ===] 
